projects/amazon-trend-analyzer/qb_chunks/page_164_skip164000.csv
ASIN Buyability Flag,asin_status,CVR%,revenue,asp,units,gv,Images #,Videos #,Has A+ Content,Buybox Winner,Average Rating,Number of Ratings,bb_price,Ad CTR%,Ad CVR%,bsr,brand,Ad CPC$,ASIN (Description),Update Type,Sold By Amazon,Has Coupon?,Has Store Link?,In Stock Today?,category,Sellable On Hand Units,asin,date,Ad Cost,Ad Sales,Ad Clicks,Ad Impressions,Ad Conversions
In Stock,ACTIVE,0.167,51.0,16.9,3.0,18.0,7.0,0.0,True,,4.6,2930.0,16.85,0.0,,45.0,Wet Ones,,"B08P24QXS9 (Wet Ones Eye, Ear & Snout Wipe for Dogs - 30 ct pouch pouch (8pc PDQ) PCS8)",[],True,True,True,True,Grooming,846.0,B08P24QXS9,2025-08-08,0.0,0.0,0.0,20.0,0.0
In Stock,ACTIVE,0.118,34.0,16.85,2.0,17.0,7.0,0.0,True,,4.6,2930.0,15.81,0.0,,46.0,Wet Ones,,"B08P24QXS9 (Wet Ones Eye, Ear & Snout Wipe for Dogs - 30 ct pouch pouch (8pc PDQ) PCS8)",[],True,True,True,True,Grooming,849.0,B08P24QXS9,2025-08-07,0.0,0.0,0.0,9.0,0.0
In Stock,ACTIVE,0.192,79.0,15.8,5.0,26.0,7.0,0.0,True,,4.6,2930.0,15.76,,,47.0,Wet Ones,,"B08P24QXS9 (Wet Ones Eye, Ear & Snout Wipe for Dogs - 30 ct pouch pouch (8pc PDQ) PCS8)",[],True,True,True,True,Grooming,855.0,B08P24QXS9,2025-08-06,0.0,0.0,0.0,0.0,0.0
In Stock,ACTIVE,0.308,63.0,15.73,4.0,13.0,7.0,0.0,True,,4.6,2929.0,15.23,,,48.0,Wet Ones,,"B08P24QXS9 (Wet Ones Eye, Ear & Snout Wipe for Dogs - 30 ct pouch pouch (8pc PDQ) PCS8)",[],True,True,True,True,Grooming,858.0,B08P24QXS9,2025-08-05,0.0,0.0,0.0,0.0,0.0
In Stock,ACTIVE,0.185,71.0,14.27,5.0,27.0,7.0,0.0,True,,4.6,2928.0,15.17,,,46.0,Wet Ones,,"B08P24QXS9 (Wet Ones Eye, Ear & Snout Wipe for Dogs - 30 ct pouch pouch (8pc PDQ) PCS8)",[],True,True,True,True,Grooming,863.0,B08P24QXS9,2025-08-04,0.0,0.0,0.0,0.0,0.0
In Stock,ACTIVE,0.16,61.0,15.13,4.0,25.0,7.0,0.0,True,,4.6,2927.0,15.1,0.01986754966887417,0.3333333333333333,45.0,Wet Ones,2.956666666666667,"B08P24QXS9 (Wet Ones Eye, Ear & Snout Wipe for Dogs - 30 ct pouch pouch (8pc PDQ) PCS8)",[],True,True,True,True,Grooming,867.0,B08P24QXS9,2025-08-03,8.87,7.98,3.0,151.0,1.0
In Stock,ACTIVE,0.261,96.0,15.94,6.0,23.0,7.0,0.0,True,,4.6,2926.0,16.11,0.001082251082251082,1.0,44.0,Wet Ones,4.26,"B08P24QXS9 (Wet Ones Eye, Ear & Snout Wipe for Dogs - 30 ct pouch pouch (8pc PDQ) PCS8)",[],True,True,True,True,Grooming,874.0,B08P24QXS9,2025-08-02,4.26,16.11,1.0,924.0,1.0
In Stock,ACTIVE,0.417,79.0,15.75,5.0,12.0,7.0,0.0,True,,4.6,2926.0,16.11,0.0,,45.0,Wet Ones,,"B08P24QXS9 (Wet Ones Eye, Ear & Snout Wipe for Dogs - 30 ct pouch pouch (8pc PDQ) PCS8)",[],True,False,True,True,Grooming,881.0,B08P24QXS9,2025-08-01,0.0,0.0,0.0,42.0,0.0
In Stock,ACTIVE,0.333,68.0,17.0,4.0,12.0,14.0,0.0,True,,4.6,2926.0,17.9,0.0,,42.0,Wet Ones,,"B08P24QXS9 (Wet Ones Eye, Ear & Snout Wipe for Dogs - 30 ct pouch pouch (8pc PDQ) PCS8)",[],True,False,True,True,Grooming,885.0,B08P24QXS9,2025-07-31,0.0,0.0,0.0,185.0,0.0
In Stock,ACTIVE,0.444,139.0,17.36,8.0,18.0,7.0,0.0,True,,4.6,2926.0,17.9,0.025,2.0,42.0,Wet Ones,1.5,"B08P24QXS9 (Wet Ones Eye, Ear & Snout Wipe for Dogs - 30 ct pouch pouch (8pc PDQ) PCS8)",[],True,False,True,True,Grooming,891.0,B08P24QXS9,2025-07-30,1.5,24.49,1.0,40.0,2.0
In Stock,ACTIVE,0.138,74.0,18.4,4.0,29.0,0.0,0.0,True,,4.6,2924.0,19.89,0.0,,43.0,Wet Ones,,"B08P24QXS9 (Wet Ones Eye, Ear & Snout Wipe for Dogs - 30 ct pouch pouch (8pc PDQ) PCS8)",[],True,False,True,True,Grooming,894.0,B08P24QXS9,2025-07-29,0.0,0.0,0.0,88.0,0.0
In Stock,ACTIVE,0.125,60.0,19.89,3.0,24.0,0.0,0.0,True,,4.6,2924.0,19.89,,,43.0,Wet Ones,,"B08P24QXS9 (Wet Ones Eye, Ear & Snout Wipe for Dogs - 30 ct pouch pouch (8pc PDQ) PCS8)",[],True,True,True,True,Grooming,896.0,B08P24QXS9,2025-07-28,0.0,0.0,0.0,0.0,0.0
In Stock,ACTIVE,0.125,74.0,18.6,4.0,32.0,0.0,0.0,True,,4.6,2924.0,19.89,,,42.0,Wet Ones,,"B08P24QXS9 (Wet Ones Eye, Ear & Snout Wipe for Dogs - 30 ct pouch pouch (8pc PDQ) PCS8)",[],True,True,True,True,Grooming,902.0,B08P24QXS9,2025-07-27,0.0,0.0,0.0,0.0,0.0
In Stock,ACTIVE,0.455,99.0,19.89,5.0,11.0,0.0,0.0,True,,4.6,2923.0,19.89,,,42.0,Wet Ones,,"B08P24QXS9 (Wet Ones Eye, Ear & Snout Wipe for Dogs - 30 ct pouch pouch (8pc PDQ) PCS8)",[],True,True,True,True,Grooming,907.0,B08P24QXS9,2025-07-26,0.0,0.0,0.0,0.0,0.0
In Stock,ACTIVE,0.333,75.0,18.8,4.0,12.0,0.0,0.0,True,,4.6,2922.0,19.89,,,42.0,Wet Ones,,"B08P24QXS9 (Wet Ones Eye, Ear & Snout Wipe for Dogs - 30 ct pouch pouch (8pc PDQ) PCS8)",[],True,True,True,True,Grooming,909.0,B08P24QXS9,2025-07-25,,,,,
In Stock,ACTIVE,0.25,60.0,19.89,3.0,12.0,0.0,0.0,True,,4.6,2920.0,24.26,,,42.0,Wet Ones,,"B08P24QXS9 (Wet Ones Eye, Ear & Snout Wipe for Dogs - 30 ct pouch pouch (8pc PDQ) PCS8)",[],True,True,True,True,Grooming,911.0,B08P24QXS9,2025-07-24,,,,,
In Stock,ACTIVE,0.0,5.0,,0.0,9.0,0.0,0.0,True,,4.6,2920.0,24.26,,,41.0,Wet Ones,,"B08P24QXS9 (Wet Ones Eye, Ear & Snout Wipe for Dogs - 30 ct pouch pouch (8pc PDQ) PCS8)",[],True,True,True,True,Grooming,916.0,B08P24QXS9,2025-07-23,,,,,
In Stock,ACTIVE,0.231,141.0,23.58,6.0,26.0,0.0,0.0,True,,4.6,2920.0,24.26,,,42.0,Wet Ones,,"B08P24QXS9 (Wet Ones Eye, Ear & Snout Wipe for Dogs - 30 ct pouch pouch (8pc PDQ) PCS8)",[],True,True,True,True,Grooming,917.0,B08P24QXS9,2025-07-22,,,,,
In Stock,ACTIVE,0.0,18.0,,0.0,10.0,0.0,0.0,True,,4.6,2916.0,31.92,,,41.0,Wet Ones,,"B08P24QXS9 (Wet Ones Eye, Ear & Snout Wipe for Dogs - 30 ct pouch pouch (8pc PDQ) PCS8)",[],True,True,True,True,Grooming,920.0,B08P24QXS9,2025-07-21,,,,,
In Stock,ACTIVE,0.111,23.0,23.3,1.0,9.0,0.0,0.0,True,,4.6,2916.0,31.92,,,42.0,Wet Ones,,"B08P24QXS9 (Wet Ones Eye, Ear & Snout Wipe for Dogs - 30 ct pouch pouch (8pc PDQ) PCS8)",[],True,True,True,True,Grooming,924.0,B08P24QXS9,2025-07-20,,,,,
In Stock,ACTIVE,0.235,76.0,18.96,4.0,17.0,0.0,0.0,True,,4.6,2914.0,18.96,,,41.0,Wet Ones,,"B08P24QXS9 (Wet Ones Eye, Ear & Snout Wipe for Dogs - 30 ct pouch pouch (8pc PDQ) PCS8)",[],True,True,True,True,Grooming,927.0,B08P24QXS9,2025-07-19,,,,,
In Stock,ACTIVE,0.267,76.0,18.96,4.0,15.0,0.0,0.0,True,,4.6,2914.0,18.96,,,41.0,Wet Ones,,"B08P24QXS9 (Wet Ones Eye, Ear & Snout Wipe for Dogs - 30 ct pouch pouch (8pc PDQ) PCS8)",[],True,True,True,True,Grooming,929.0,B08P24QXS9,2025-07-18,,,,,
In Stock,ACTIVE,0.417,95.0,18.96,5.0,12.0,0.0,0.0,True,,4.6,2914.0,18.96,,,41.0,Wet Ones,,"B08P24QXS9 (Wet Ones Eye, Ear & Snout Wipe for Dogs - 30 ct pouch pouch (8pc PDQ) PCS8)",[],True,True,True,True,Grooming,934.0,B08P24QXS9,2025-07-17,,,,,
In Stock,ACTIVE,0.333,76.0,18.96,4.0,12.0,0.0,0.0,True,,4.6,2912.0,18.96,,,42.0,Wet Ones,,"B08P24QXS9 (Wet Ones Eye, Ear & Snout Wipe for Dogs - 30 ct pouch pouch (8pc PDQ) PCS8)",[],True,True,True,True,Grooming,938.0,B08P24QXS9,2025-07-16,,,,,
In Stock,ACTIVE,0.316,114.0,18.96,6.0,19.0,7.0,0.0,True,,4.6,2911.0,18.96,,,42.0,Wet Ones,,"B08P24QXS9 (Wet Ones Eye, Ear & Snout Wipe for Dogs - 30 ct pouch pouch (8pc PDQ) PCS8)",[],True,True,True,True,Grooming,943.0,B08P24QXS9,2025-07-15,,,,,
In Stock,ACTIVE,0.231,57.0,18.96,3.0,13.0,7.0,0.0,True,,4.6,2911.0,18.96,,,45.0,Wet Ones,,"B08P24QXS9 (Wet Ones Eye, Ear & Snout Wipe for Dogs - 30 ct pouch pouch (8pc PDQ) PCS8)",[],True,True,True,True,Grooming,947.0,B08P24QXS9,2025-07-14,,,,,
In Stock,ACTIVE,0.087,38.0,18.98,2.0,23.0,7.0,0.0,True,,4.6,2911.0,18.96,,,51.0,Wet Ones,,"B08P24QXS9 (Wet Ones Eye, Ear & Snout Wipe for Dogs - 30 ct pouch pouch (8pc PDQ) PCS8)",[],True,True,True,True,Grooming,952.0,B08P24QXS9,2025-07-13,,,,,
In Stock,ACTIVE,0.333,76.0,18.93,4.0,12.0,7.0,0.0,True,,4.6,2911.0,18.87,,,47.0,Wet Ones,,"B08P24QXS9 (Wet Ones Eye, Ear & Snout Wipe for Dogs - 30 ct pouch pouch (8pc PDQ) PCS8)",[],True,True,True,True,Grooming,956.0,B08P24QXS9,2025-07-12,,,,,
In Stock,ACTIVE,0.375,113.0,18.83,6.0,16.0,7.0,0.0,True,,4.6,2911.0,20.17,,,46.0,Wet Ones,,"B08P24QXS9 (Wet Ones Eye, Ear & Snout Wipe for Dogs - 30 ct pouch pouch (8pc PDQ) PCS8)",[],True,True,True,True,Grooming,958.0,B08P24QXS9,2025-07-11,,,,,
In Stock,ACTIVE,0.313,101.0,20.17,5.0,16.0,7.0,0.0,True,,4.6,2911.0,20.17,,,47.0,Wet Ones,,"B08P24QXS9 (Wet Ones Eye, Ear & Snout Wipe for Dogs - 30 ct pouch pouch (8pc PDQ) PCS8)",[],True,True,True,True,Grooming,963.0,B08P24QXS9,2025-07-10,,,,,
In Stock,ACTIVE,0.333,102.0,20.43,5.0,15.0,7.0,0.0,True,,4.6,2911.0,20.17,,,43.0,Wet Ones,,"B08P24QXS9 (Wet Ones Eye, Ear & Snout Wipe for Dogs - 30 ct pouch pouch (8pc PDQ) PCS8)",[],True,True,True,True,Grooming,968.0,B08P24QXS9,2025-07-09,,,,,
In Stock,ACTIVE,0.375,121.0,20.17,6.0,16.0,7.0,0.0,True,,4.6,2910.0,20.17,,,41.0,Wet Ones,,"B08P24QXS9 (Wet Ones Eye, Ear & Snout Wipe for Dogs - 30 ct pouch pouch (8pc PDQ) PCS8)",[],True,True,True,True,Grooming,974.0,B08P24QXS9,2025-07-08,,,,,
In Stock,ACTIVE,0.333,60.0,19.89,3.0,9.0,7.0,0.0,True,,4.6,2909.0,20.17,,,42.0,Wet Ones,,"B08P24QXS9 (Wet Ones Eye, Ear & Snout Wipe for Dogs - 30 ct pouch pouch (8pc PDQ) PCS8)",[],True,True,True,True,Grooming,976.0,B08P24QXS9,2025-07-07,,,,,
In Stock,ACTIVE,0.167,20.0,20.17,1.0,6.0,7.0,0.0,True,,4.6,2908.0,20.17,,,42.0,Wet Ones,,"B08P24QXS9 (Wet Ones Eye, Ear & Snout Wipe for Dogs - 30 ct pouch pouch (8pc PDQ) PCS8)",[],True,True,True,True,Grooming,975.0,B08P24QXS9,2025-07-06,,,,,
In Stock,ACTIVE,0.3,61.0,20.17,3.0,10.0,7.0,0.0,True,,4.6,2908.0,20.17,,,43.0,Wet Ones,,"B08P24QXS9 (Wet Ones Eye, Ear & Snout Wipe for Dogs - 30 ct pouch pouch (8pc PDQ) PCS8)",[],True,True,True,True,Grooming,975.0,B08P24QXS9,2025-07-05,,,,,
In Stock,ACTIVE,0.375,61.0,20.17,3.0,8.0,7.0,0.0,True,,4.6,2908.0,20.17,,,42.0,Wet Ones,,"B08P24QXS9 (Wet Ones Eye, Ear & Snout Wipe for Dogs - 30 ct pouch pouch (8pc PDQ) PCS8)",[],True,True,True,True,Grooming,979.0,B08P24QXS9,2025-07-04,,,,,
In Stock,ACTIVE,0.286,43.0,21.41,2.0,7.0,7.0,0.0,True,,4.6,2907.0,22.66,,,46.0,Wet Ones,,"B08P24QXS9 (Wet Ones Eye, Ear & Snout Wipe for Dogs - 30 ct pouch pouch (8pc PDQ) PCS8)",[],True,True,True,True,Grooming,980.0,B08P24QXS9,2025-07-03,,,,,
In Stock,ACTIVE,0.0,0.0,,0.0,10.0,7.0,0.0,True,,4.6,2906.0,22.66,,,44.0,Wet Ones,,"B08P24QXS9 (Wet Ones Eye, Ear & Snout Wipe for Dogs - 30 ct pouch pouch (8pc PDQ) PCS8)",[],True,True,True,True,Grooming,980.0,B08P24QXS9,2025-07-02,,,,,
In Stock,ACTIVE,0.222,26.0,13.2,2.0,9.0,7.0,0.0,True,,4.6,2905.0,31.92,,,45.0,Wet Ones,,"B08P24QXS9 (Wet Ones Eye, Ear & Snout Wipe for Dogs - 30 ct pouch pouch (8pc PDQ) PCS8)",[],True,True,True,True,Grooming,980.0,B08P24QXS9,2025-07-01,,,,,
In Stock,ACTIVE,0.286,56.0,28.11,2.0,7.0,7.0,0.0,True,,4.6,2903.0,31.92,,,42.0,Wet Ones,,"B08P24QXS9 (Wet Ones Eye, Ear & Snout Wipe for Dogs - 30 ct pouch pouch (8pc PDQ) PCS8)",[],True,True,True,True,Grooming,981.0,B08P24QXS9,2025-06-30,,,,,
In Stock,ACTIVE,0.5,96.0,31.92,3.0,6.0,7.0,0.0,True,,4.6,2903.0,31.92,,,45.0,Wet Ones,,"B08P24QXS9 (Wet Ones Eye, Ear & Snout Wipe for Dogs - 30 ct pouch pouch (8pc PDQ) PCS8)",[],True,True,True,True,Grooming,985.0,B08P24QXS9,2025-06-29,,,,,
In Stock,ACTIVE,0.111,23.0,22.92,1.0,9.0,7.0,0.0,True,,4.6,2902.0,31.92,,,45.0,Wet Ones,,"B08P24QXS9 (Wet Ones Eye, Ear & Snout Wipe for Dogs - 30 ct pouch pouch (8pc PDQ) PCS8)",[],True,True,True,True,Grooming,989.0,B08P24QXS9,2025-06-28,,,,,
In Stock,ACTIVE,0.111,32.0,31.92,1.0,9.0,7.0,0.0,True,,4.6,2902.0,31.92,,,42.0,Wet Ones,,"B08P24QXS9 (Wet Ones Eye, Ear & Snout Wipe for Dogs - 30 ct pouch pouch (8pc PDQ) PCS8)",[],True,True,True,True,Grooming,990.0,B08P24QXS9,2025-06-27,,,,,
In Stock,ACTIVE,0.333,32.0,31.92,1.0,3.0,7.0,0.0,True,,4.6,2901.0,18.87,,,42.0,Wet Ones,,"B08P24QXS9 (Wet Ones Eye, Ear & Snout Wipe for Dogs - 30 ct pouch pouch (8pc PDQ) PCS8)",[],True,True,True,True,Grooming,995.0,B08P24QXS9,2025-06-26,,,,,
In Stock,ACTIVE,0.0,0.0,,0.0,15.0,7.0,3.0,True,,4.6,2898.0,18.87,,,44.0,Wet Ones,,"B08P24QXS9 (Wet Ones Eye, Ear & Snout Wipe for Dogs - 30 ct pouch pouch (8pc PDQ) PCS8)",[],True,True,True,True,Grooming,992.0,B08P24QXS9,2025-06-25,,,,,
In Stock,ACTIVE,0.417,117.0,23.3,5.0,12.0,7.0,3.0,True,,4.6,2897.0,23.3,,,41.0,Wet Ones,,"B08P24QXS9 (Wet Ones Eye, Ear & Snout Wipe for Dogs - 30 ct pouch pouch (8pc PDQ) PCS8)",[],True,True,True,True,Grooming,992.0,B08P24QXS9,2025-06-24,,,,,
In Stock,ACTIVE,0.05599999999999999,23.0,23.3,1.0,18.0,7.0,3.0,True,,4.6,2897.0,23.3,,,42.0,Wet Ones,,"B08P24QXS9 (Wet Ones Eye, Ear & Snout Wipe for Dogs - 30 ct pouch pouch (8pc PDQ) PCS8)",[],True,True,True,True,Grooming,1004.0,B08P24QXS9,2025-06-23,,,,,
In Stock,ACTIVE,0.304,161.0,22.97,7.0,23.0,7.0,3.0,True,,4.6,2896.0,23.3,,,42.0,Wet Ones,,"B08P24QXS9 (Wet Ones Eye, Ear & Snout Wipe for Dogs - 30 ct pouch pouch (8pc PDQ) PCS8)",[],True,True,True,True,Grooming,1006.0,B08P24QXS9,2025-06-22,,,,,
In Stock,ACTIVE,0.308,93.0,23.3,4.0,13.0,7.0,3.0,True,,4.6,2896.0,31.92,,,42.0,Wet Ones,,"B08P24QXS9 (Wet Ones Eye, Ear & Snout Wipe for Dogs - 30 ct pouch pouch (8pc PDQ) PCS8)",[],True,True,True,True,Grooming,1009.0,B08P24QXS9,2025-06-21,,,,,
In Stock,ACTIVE,0.4,44.0,21.98,2.0,5.0,7.0,3.0,True,,4.6,2895.0,31.92,,,42.0,Wet Ones,,"B08P24QXS9 (Wet Ones Eye, Ear & Snout Wipe for Dogs - 30 ct pouch pouch (8pc PDQ) PCS8)",[],True,True,True,True,Grooming,1012.0,B08P24QXS9,2025-06-20,,,,,
In Stock,ACTIVE,0.286,128.0,31.92,4.0,14.0,7.0,3.0,True,,4.6,2895.0,31.92,,,43.0,Wet Ones,,"B08P24QXS9 (Wet Ones Eye, Ear & Snout Wipe for Dogs - 30 ct pouch pouch (8pc PDQ) PCS8)",[],True,True,True,True,Grooming,1013.0,B08P24QXS9,2025-06-19,,,,,
In Stock,ACTIVE,0.0,0.0,,0.0,7.0,7.0,3.0,True,,4.6,2894.0,31.92,,,44.0,Wet Ones,,"B08P24QXS9 (Wet Ones Eye, Ear & Snout Wipe for Dogs - 30 ct pouch pouch (8pc PDQ) PCS8)",[],True,True,True,True,Grooming,1016.0,B08P24QXS9,2025-06-18,,,,,
In Stock,ACTIVE,0.25,55.0,27.27,2.0,8.0,7.0,3.0,True,,4.6,2891.0,16.68,,,41.0,Wet Ones,,"B08P24QXS9 (Wet Ones Eye, Ear & Snout Wipe for Dogs - 30 ct pouch pouch (8pc PDQ) PCS8)",[],True,True,True,True,Grooming,1011.0,B08P24QXS9,2025-06-17,,,,,
In Stock,ACTIVE,0.04,17.0,16.68,1.0,25.0,7.0,3.0,True,,4.6,2890.0,16.68,,,40.0,Wet Ones,,"B08P24QXS9 (Wet Ones Eye, Ear & Snout Wipe for Dogs - 30 ct pouch pouch (8pc PDQ) PCS8)",[],True,True,True,True,Grooming,1017.0,B08P24QXS9,2025-06-16,,,,,
In Stock,ACTIVE,0.043,17.0,16.68,1.0,23.0,7.0,3.0,True,,4.6,2890.0,16.68,,,41.0,Wet Ones,,"B08P24QXS9 (Wet Ones Eye, Ear & Snout Wipe for Dogs - 30 ct pouch pouch (8pc PDQ) PCS8)",[],True,True,True,True,Grooming,1020.0,B08P24QXS9,2025-06-15,,,,,
In Stock,ACTIVE,0.368,117.0,16.68,7.0,19.0,7.0,3.0,True,,4.6,2889.0,16.68,,,41.0,Wet Ones,,"B08P24QXS9 (Wet Ones Eye, Ear & Snout Wipe for Dogs - 30 ct pouch pouch (8pc PDQ) PCS8)",[],True,True,True,True,Grooming,1016.0,B08P24QXS9,2025-06-14,,,,,
In Stock,ACTIVE,0.091,17.0,16.79,1.0,11.0,7.0,3.0,True,,4.6,2887.0,16.79,,,42.0,Wet Ones,,"B08P24QXS9 (Wet Ones Eye, Ear & Snout Wipe for Dogs - 30 ct pouch pouch (8pc PDQ) PCS8)",[],True,True,True,True,Grooming,1018.0,B08P24QXS9,2025-06-13,,,,,
In Stock,ACTIVE,0.353,101.0,16.79,6.0,17.0,7.0,3.0,True,,4.6,2884.0,16.79,,,43.0,Wet Ones,,"B08P24QXS9 (Wet Ones Eye, Ear & Snout Wipe for Dogs - 30 ct pouch pouch (8pc PDQ) PCS8)",[],True,True,True,True,Grooming,1019.0,B08P24QXS9,2025-06-12,,,,,
In Stock,ACTIVE,0.1,17.0,16.79,1.0,10.0,7.0,3.0,True,,4.6,2884.0,16.79,,,42.0,Wet Ones,,"B08P24QXS9 (Wet Ones Eye, Ear & Snout Wipe for Dogs - 30 ct pouch pouch (8pc PDQ) PCS8)",[],True,True,True,True,Grooming,1014.0,B08P24QXS9,2025-06-11,,,,,
In Stock,ACTIVE,0.333,67.0,16.79,4.0,12.0,7.0,3.0,True,,4.6,2883.0,16.79,,,43.0,Wet Ones,,"B08P24QXS9 (Wet Ones Eye, Ear & Snout Wipe for Dogs - 30 ct pouch pouch (8pc PDQ) PCS8)",[],True,True,True,True,Grooming,1011.0,B08P24QXS9,2025-06-10,,,,,
In Stock,ACTIVE,0.294,85.0,16.96,5.0,17.0,7.0,3.0,True,,4.6,2883.0,16.96,,,47.0,Wet Ones,,"B08P24QXS9 (Wet Ones Eye, Ear & Snout Wipe for Dogs - 30 ct pouch pouch (8pc PDQ) PCS8)",[],True,True,True,True,Grooming,1015.0,B08P24QXS9,2025-06-09,,,,,
In Stock,ACTIVE,0.333,68.0,16.96,4.0,12.0,7.0,3.0,True,,4.6,2883.0,16.96,,,44.0,Wet Ones,,"B08P24QXS9 (Wet Ones Eye, Ear & Snout Wipe for Dogs - 30 ct pouch pouch (8pc PDQ) PCS8)",[],True,True,True,True,Grooming,1025.0,B08P24QXS9,2025-06-08,,,,,
In Stock,ACTIVE,0.129,68.0,16.96,4.0,31.0,7.0,3.0,True,,4.6,2881.0,16.96,,,45.0,Wet Ones,,"B08P24QXS9 (Wet Ones Eye, Ear & Snout Wipe for Dogs - 30 ct pouch pouch (8pc PDQ) PCS8)",[],True,True,True,True,Grooming,1033.0,B08P24QXS9,2025-06-07,,,,,
In Stock,ACTIVE,0.273,153.0,16.96,9.0,33.0,7.0,3.0,True,,4.6,2881.0,16.96,,,47.0,Wet Ones,,"B08P24QXS9 (Wet Ones Eye, Ear & Snout Wipe for Dogs - 30 ct pouch pouch (8pc PDQ) PCS8)",[],True,True,True,True,Grooming,1040.0,B08P24QXS9,2025-06-06,,,,,
In Stock,ACTIVE,0.068,51.0,17.12,3.0,44.0,7.0,3.0,True,,4.6,2880.0,17.5,,,48.0,Wet Ones,,"B08P24QXS9 (Wet Ones Eye, Ear & Snout Wipe for Dogs - 30 ct pouch pouch (8pc PDQ) PCS8)",[],True,True,True,True,Grooming,1058.0,B08P24QXS9,2025-06-05,,,,,
In Stock,ACTIVE,0.167,121.0,17.29,7.0,42.0,7.0,3.0,True,,4.6,2881.0,17.5,,,46.0,Wet Ones,,"B08P24QXS9 (Wet Ones Eye, Ear & Snout Wipe for Dogs - 30 ct pouch pouch (8pc PDQ) PCS8)",[],True,True,True,True,Grooming,1071.0,B08P24QXS9,2025-06-04,,,,,
In Stock,ACTIVE,0.068,53.0,17.5,3.0,44.0,7.0,3.0,True,,4.6,2881.0,16.75,,,46.0,Wet Ones,,"B08P24QXS9 (Wet Ones Eye, Ear & Snout Wipe for Dogs - 30 ct pouch pouch (8pc PDQ) PCS8)",[],True,True,True,True,Grooming,1076.0,B08P24QXS9,2025-06-03,,,,,
In Stock,ACTIVE,0.136,101.0,16.79,6.0,44.0,7.0,3.0,True,,4.6,2880.0,16.75,,,43.0,Wet Ones,,"B08P24QXS9 (Wet Ones Eye, Ear & Snout Wipe for Dogs - 30 ct pouch pouch (8pc PDQ) PCS8)",[],True,True,True,True,Grooming,1080.0,B08P24QXS9,2025-06-02,,,,,
In Stock,ACTIVE,0.077,67.0,16.75,4.0,52.0,7.0,3.0,True,,4.6,2879.0,16.75,,,44.0,Wet Ones,,"B08P24QXS9 (Wet Ones Eye, Ear & Snout Wipe for Dogs - 30 ct pouch pouch (8pc PDQ) PCS8)",[],True,True,True,True,Grooming,1087.0,B08P24QXS9,2025-06-01,,,,,
In Stock,ACTIVE,0.107,101.0,16.75,6.0,56.0,7.0,3.0,True,,4.6,2877.0,16.75,,,43.0,Wet Ones,,"B08P24QXS9 (Wet Ones Eye, Ear & Snout Wipe for Dogs - 30 ct pouch pouch (8pc PDQ) PCS8)",[],True,True,True,True,Grooming,1093.0,B08P24QXS9,2025-05-31,,,,,
